[?25l[?2004h]2;flow-test]2;flow library│ flow library │ ctx:default/* ─────────────────────────────────────────────────
╰──────────────╯                                                                
  Workspaces (1)           Executables (1)                                      
                                                                                
 ● default                ▶ run                                                 
   2 namespaces                                                                 
                                                                                
                                                                                
                                                                                
                                                                                
                                                                                
                                                                                
                                                                                
                                                                                
                                                                                
                                                                                
                                                                                
                                                                                
                                                                                
                                                                                
                                                                                
                                                                                
────────────────────────────────────────────────────────────────────────────────
[ q/ctrl+c: quit] [ h: help ] ● Default Workspace ->                            
/TMPDIR/browse  _tui1729679775/default   [80D[2K[?2004l[?25h[?1002l[?1003l[?1006l