[?25l[?2004h]2;flow-test╭───────────╮                                                                                                                                                                                           
│ flow-test │───────────────────────────────────────────────────────────────────────────────────────────────────────────────────────────────────────────────────────────────────────────────────────────
╰───────────╯                                                                                                                                                                                           
                                                                                                                                                                                                        
                                                                                                                                                                                                        
 ●∙∙ loading...                                                                                                                                                                                         
                                                                                                                                                                                                        
                                                                                                                                                                                                        
                                                                                                                                                                                                        [200D]2;flow library[8A╭──────────────╮                                                                                                                                                                                        
│ flow library │ ctx:default/* ─────────────────────────────────────────────────────────────────────────────────────────────────────────────────────────────────────────────────────────────────────────
╰──────────────╯                                                                                                                                                                                        
  Workspaces (1)                         Executables (1)                                         ▌ [38;2;52;63;68;48;2;127;187;179;1m[0m  [38;2;52;63;68;48;2;127;187;179;1m [Executable] run default/ [0m[38;2;211;198;170m[0m                                                                        
                                                                                                 ▌ [0m                                                                                                     
 ● default                              ▶ run                                                    ▌ [38;2;211;198;170;1m[0m  [38;2;211;198;170;1mVisibility:[0m[38;2;211;198;170m private[0m                                                                                
   2 namespaces                                                                                  ▌ [0m[38;2;211;198;170;1m[0m  [38;2;211;198;170;1mTags[0m                                                                                               
                                                                                                 ▌                                                                                                      
                                                                                                 ▌ [38;2;211;198;170m[0m  [38;2;211;198;170m‣ [0m[38;2;223;221;200;48;2;92;105;113m generated [0m                                                                                      
                                                                                                 ▌ [38;2;211;198;170m[0m  [38;2;211;198;170m[0m                                                                                                   
                                                                                                 ▌ [0m[38;2;127;187;179;1m[0m  [38;2;127;187;179;1mShell Configuration[0m[38;2;211;198;170m[0m                                                                                
                                                                                                 ▌ [0m                                                                                                     
                                                                                                 ▌ [38;2;211;198;170;1m[0m  [38;2;211;198;170;1mCommand[0m                                                                                            
                                                                                                 ▌                                                                                                      
                                                                                                 ▌ [38;5;2m[0m[38;2;211;198;170m[0m  [38;2;211;198;170m│ [0m[38;5;2mecho[0m [38;5;61m'hello from nameless'[0m                                                                       
                                                                                                 ▌                                                                                                      
                                                                                                 ▌ [38;2;211;198;170;3m[0m  [38;2;211;198;170;3mExecutable can be found in[0m[38;2;211;198;170m[0m                                                                         
                                                                                                 ▌ [0m[38;2;214;153;182m[0m  [38;2;214;153;182m/TMPDIR/root.flow[0m[38;2;211;198;170m [ 🔗[0m        
                                                                                                 ▌ [0m[38;2;214;153;182;4m[0m  [38;2;214;153;182;4m/TMPDIR/root.flow[0m[38;2;211;198;170m ][0m           
                                                                                                 ▌                                                                                                      
                                                                                                 ▌                                                                                                      
                                                                                                 ▌                                                                                                      
                                                                                                 ▌                                                                                                      
                                                                                                 ▌                                                                                                      
                                                                                                 ▌                                                                                                      
                                                                                                 ▌                                                                                                      
                                                                                                 ▌                                                                                                      
                                                                                                 ▌                                                                                                      
                                                                                                 ▌                                                                                                      
                                                                                                 ▌                                                                                                      
                                                                                                 ▌                                                                                                      
                                                                                                 ▌                                                                                                      
                                                                                                 ▌                                                                                                      
                                                                                                 ▌                                                                                                      
                                                                                                 ▌                                                                                                      
                                                                                                 ▌                                                                                                      
                                                                                                 ▌                                                                                                      
                                                                                                 ▌                                                                                                      
                                                                                                 ▌                                                                                                      
                                                                                                 ▌                                                                                                      
                                                                                                 ▌                                                                                                      
                                                                                                 ▌                                                                                                      
                                                                                                 ▌                                                                                                      
                                                                                                 ▌                                                                                                      
                                                                                                 ▌                                                                                                      
                                                                                                 ▌                                                                                                      
                                                                                                 ▌                                                                                                      
                                                                                                 ▌                                                                                                      
                                                                                                 ▌                                                                                                      
                                                                                                 ▌                                                                                                      
                                                                                                 ▌                                                                                                      
                                                                                                 ▌                                                                                                      
                                                                                                 ▌                                                                                                      
                                                                                                 ▌                                                                                                      
                                                                                                 ▌                                                                                                      
                                                                                                 ▌                                                                                                      
                                                                                                 ▌                                                                                                      
                                                                                                 ▌                                                                                                      
                                                                                                 ▌                                                                                                      
                                                                                                 ▌                                                                                                      
                                                                                                 ▌                                                                                                      
                                                                                                 ▌                                                                                                      
                                                                                                 ▌                                                                                                      
                                                                                                 ▌                                                                                                      
                                                                                                 ▌                                                                                                      
                                                                                                 ▌                                                                                                      
                                                                                                 ▌                                                                                                      
                                                                                                 ▌                                                                                                      
                                                                                                 ▌                                                                                                      
                                                                                                 ▌                                                                                                      
                                                                                                 ▌                                                                                                      
                                                                                                 ▌                                                                                                      
                                                                                                 ▌                                                                                                      
                                                                                                 ▌                                                                                                      
                                                                                                 ▌                                                                                                      
                                                                                                 ▌                                                                                                      
                                                                                                 ▌                                                                                                      
                                                                                                 ▌                                                                                                      
────────────────────────────────────────────────────────────────────────────────────────────────────────────────────────────────────────────────────────────────────────────────────────────────────────
[ q/ctrl+c: quit] [ h: help ] ● Default Workspace -> /TMPDIR/default[200D[2K[?2004l[?25h[?1002l[?1003l[?1006l